val=1200 corpus=65238

encoded both variants

=== tau sweep (never swept before) ===
  tau=0.2                                r@100=0.0146 [0.0091,0.0207]  ndcg@10=0.2729
  tau=0.35                               r@100=0.0119 [0.0069,0.0175]  ndcg@10=0.2721
  tau=0.5                                r@100=0.0062 [0.0023,0.0108]  ndcg@10=0.2668
  tau=0.65                               r@100=0.0052 [0.0017,0.0094]  ndcg@10=0.2648
  tau=0.8                                r@100=0.0039 [0.0009,0.0078]  ndcg@10=0.2650

=== decay / lam (never swept) ===
  decay=log,lam=0.3                      r@100=0.0119 [0.0069,0.0175]  ndcg@10=0.2721
  decay=exp,lam=0.1                      r@100=0.0121 [0.0068,0.0175]  ndcg@10=0.2736
  decay=exp,lam=0.3                      r@100=0.0097 [0.0053,0.0149]  ndcg@10=0.2682
  decay=exp,lam=0.6                      r@100=0.0084 [0.0038,0.0139]  ndcg@10=0.2663
  decay=flat,lam=0.0                     r@100=0.0172 [0.0109,0.0238]  ndcg@10=0.2751

=== category in the embedded text (Q1.4 names category) ===
  plain title+abstract                   r@100=0.0119 [0.0069,0.0175]  ndcg@10=0.2721
  category + title+abstract              r@100=0.0150 [0.0090,0.0214]  ndcg@10=0.2768

=== paired tests vs the shipped default (tau=0.35, log, n=20) ===
  tau=0.2                                +0.0026 [+0.0005,+0.0053] SIGNIFICANT
  tau=0.5                                -0.0056 [-0.0096,-0.0017] SIGNIFICANT
  tau=0.65                               -0.0066 [-0.0111,-0.0024] SIGNIFICANT
  tau=0.8                                -0.0079 [-0.0128,-0.0034] SIGNIFICANT
  decay=exp,lam=0.3                      -0.0022 [-0.0057,+0.0013] 
  decay=exp,lam=0.6                      -0.0034 [-0.0072,+0.0004] 
  decay=flat,lam=0.0                     +0.0051 [+0.0004,+0.0098] SIGNIFICANT
  category + title+abstract              +0.0030 [-0.0011,+0.0073] 
SWEEPDONE
